// Jest Snapshot v1, https://goo.gl/fbAQLP

exports[`Checkout Item render the component 1`] = `ReactWrapper {}`;
