// Jest Snapshot v1, https://goo.gl/fbAQLP

exports[`Collection component render component 1`] = `ShallowWrapper {}`;
