// Jest Snapshot v1, https://goo.gl/fbAQLP

exports[`Cart Icon Component render the component 1`] = `ReactWrapper {}`;
