// Jest Snapshot v1, https://goo.gl/fbAQLP

exports[`CartDropdown component expects a render 1`] = `ReactWrapper {}`;
